// Vitest Snapshot v1

exports[`Renders correctly 1`] = `"<button class=\\"px-4 py-2 rounded-sm transition-all duration-300 text-white transform active:scale-[0.95] px-4 py-2 bg-white text-black border border-gray hover:border-primary hover:text-primary\\">Hello</button>"`;
